Expression	Value	Location	Type	
SPI1_CR1	0x34d	0x4001'3000	unsigned long	
chip_addresses_read	<array>	0x2000'5818	uint32_t[8]	
read_page_buffer	<array>""	0x2000'4f60	uint8_t[256]	
ModbusRegister	<array>	0x2000'53dc	uint16_t[100]	
ModbusTx	<array>""	0x2000'530c	uint8_t[205]	
ModbusRx	<array>"..."	0x2000'523c	uint8_t[205]	
erase_sector	0	0x2000'5630	uint32_t	
erase_flag	0	0x2000'5638	uint32_t	
data_TX_flash	<array>	0x2000'4c20	uint8_t[2][256]	
chip_addresses	<array>	0x2000'55f0	uint32_t[8]	
ploho	Error: Unknown or ambiguous symbol. ploho			
stata	Error: Unknown or ambiguous symbol. stata			
bubba_TX	Error: Unknown or ambiguous symbol. bubba_TX			
bubba_RX	Error: Unknown or ambiguous symbol. bubba_RX			
kyda	Error: Unknown or ambiguous symbol. kyda			
experement	0	0x2000'0030	uint8_t	
bubba_tx	<array>".6Х@‘\r"	0x2000'0090	uint8_t[256]	
bubba_rx	<array>"EDЧмЯмПмяящяSяwя~я"	0x2000'0190	uint8_t[256]	
[0]	0x45	0x2000'0190	uint8_t	
[1]	0x44	0x2000'0191	uint8_t	
[2]	0xd7	0x2000'0192	uint8_t	
[3]	0xec	0x2000'0193	uint8_t	
[4]	0xdf	0x2000'0194	uint8_t	
[5]	0xec	0x2000'0195	uint8_t	
[6]	0xcf	0x2000'0196	uint8_t	
[7]	0xec	0x2000'0197	uint8_t	
[8]	0xff	0x2000'0198	uint8_t	
[9]	0xff	0x2000'0199	uint8_t	
[10]	0xf9	0x2000'019a	uint8_t	
[11]	0xff	0x2000'019b	uint8_t	
[12]	0x53	0x2000'019c	uint8_t	
[13]	0xff	0x2000'019d	uint8_t	
[14]	0x77	0x2000'019e	uint8_t	
[15]	0xff	0x2000'019f	uint8_t	
[16]	0x7e	0x2000'01a0	uint8_t	
[17]	0xff	0x2000'01a1	uint8_t	
[18]	0x0	0x2000'01a2	uint8_t	
[19]	0x0	0x2000'01a3	uint8_t	
[20]	0x0	0x2000'01a4	uint8_t	
[21]	0x0	0x2000'01a5	uint8_t	
[22]	0x0	0x2000'01a6	uint8_t	
[23]	0x0	0x2000'01a7	uint8_t	
[24]	0x0	0x2000'01a8	uint8_t	
[25]	0x0	0x2000'01a9	uint8_t	
[26]	0x0	0x2000'01aa	uint8_t	
[27]	0x0	0x2000'01ab	uint8_t	
[28]	0x0	0x2000'01ac	uint8_t	
[29]	0x0	0x2000'01ad	uint8_t	
[30]	0x0	0x2000'01ae	uint8_t	
[31]	0x0	0x2000'01af	uint8_t	
[32]	0x0	0x2000'01b0	uint8_t	
[33]	0x0	0x2000'01b1	uint8_t	
[34]	0x0	0x2000'01b2	uint8_t	
[35]	0x0	0x2000'01b3	uint8_t	
[36]	0x0	0x2000'01b4	uint8_t	
[37]	0x0	0x2000'01b5	uint8_t	
[38]	0x0	0x2000'01b6	uint8_t	
[39]	0x0	0x2000'01b7	uint8_t	
[40]	0x0	0x2000'01b8	uint8_t	
[41]	0x0	0x2000'01b9	uint8_t	
[42]	0x0	0x2000'01ba	uint8_t	
[43]	0x0	0x2000'01bb	uint8_t	
[44]	0x0	0x2000'01bc	uint8_t	
[45]	0x0	0x2000'01bd	uint8_t	
[46]	0x0	0x2000'01be	uint8_t	
[47]	0x0	0x2000'01bf	uint8_t	
[48]	0x0	0x2000'01c0	uint8_t	
[49]	0x0	0x2000'01c1	uint8_t	
[50]	0x0	0x2000'01c2	uint8_t	
[51]	0x0	0x2000'01c3	uint8_t	
[52]	0x0	0x2000'01c4	uint8_t	
[53]	0x0	0x2000'01c5	uint8_t	
[54]	0x0	0x2000'01c6	uint8_t	
[55]	0x0	0x2000'01c7	uint8_t	
[56]	0x0	0x2000'01c8	uint8_t	
[57]	0x0	0x2000'01c9	uint8_t	
[58]	0x0	0x2000'01ca	uint8_t	
[59]	0x0	0x2000'01cb	uint8_t	
[60]	0x0	0x2000'01cc	uint8_t	
[61]	0x0	0x2000'01cd	uint8_t	
[62]	0x0	0x2000'01ce	uint8_t	
[63]	0x0	0x2000'01cf	uint8_t	
[64]	0x0	0x2000'01d0	uint8_t	
[65]	0x0	0x2000'01d1	uint8_t	
[66]	0x0	0x2000'01d2	uint8_t	
[67]	0x0	0x2000'01d3	uint8_t	
[68]	0x0	0x2000'01d4	uint8_t	
[69]	0x0	0x2000'01d5	uint8_t	
[70]	0x0	0x2000'01d6	uint8_t	
[71]	0x0	0x2000'01d7	uint8_t	
[72]	0x0	0x2000'01d8	uint8_t	
[73]	0x0	0x2000'01d9	uint8_t	
[74]	0x0	0x2000'01da	uint8_t	
[75]	0x0	0x2000'01db	uint8_t	
[76]	0x0	0x2000'01dc	uint8_t	
[77]	0x0	0x2000'01dd	uint8_t	
[78]	0x0	0x2000'01de	uint8_t	
[79]	0x0	0x2000'01df	uint8_t	
[80]	0x0	0x2000'01e0	uint8_t	
[81]	0x0	0x2000'01e1	uint8_t	
[82]	0x0	0x2000'01e2	uint8_t	
[83]	0x0	0x2000'01e3	uint8_t	
[84]	0x0	0x2000'01e4	uint8_t	
[85]	0x0	0x2000'01e5	uint8_t	
[86]	0x0	0x2000'01e6	uint8_t	
[87]	0x0	0x2000'01e7	uint8_t	
[88]	0x0	0x2000'01e8	uint8_t	
[89]	0x0	0x2000'01e9	uint8_t	
[90]	0x0	0x2000'01ea	uint8_t	
[91]	0x0	0x2000'01eb	uint8_t	
[92]	0x0	0x2000'01ec	uint8_t	
[93]	0x0	0x2000'01ed	uint8_t	
[94]	0x0	0x2000'01ee	uint8_t	
[95]	0x0	0x2000'01ef	uint8_t	
[96]	0x0	0x2000'01f0	uint8_t	
[97]	0x0	0x2000'01f1	uint8_t	
[98]	0x0	0x2000'01f2	uint8_t	
[99]	0x0	0x2000'01f3	uint8_t	
[100]	0x0	0x2000'01f4	uint8_t	
[101]	0x0	0x2000'01f5	uint8_t	
[102]	0x0	0x2000'01f6	uint8_t	
[103]	0x0	0x2000'01f7	uint8_t	
[104]	0x0	0x2000'01f8	uint8_t	
[105]	0x0	0x2000'01f9	uint8_t	
[106]	0x0	0x2000'01fa	uint8_t	
[107]	0x0	0x2000'01fb	uint8_t	
[108]	0x0	0x2000'01fc	uint8_t	
[109]	0x0	0x2000'01fd	uint8_t	
[110]	0x0	0x2000'01fe	uint8_t	
[111]	0x0	0x2000'01ff	uint8_t	
[112]	0x0	0x2000'0200	uint8_t	
[113]	0x0	0x2000'0201	uint8_t	
[114]	0x0	0x2000'0202	uint8_t	
[115]	0x0	0x2000'0203	uint8_t	
[116]	0x0	0x2000'0204	uint8_t	
[117]	0x0	0x2000'0205	uint8_t	
[118]	0x0	0x2000'0206	uint8_t	
[119]	0x0	0x2000'0207	uint8_t	
[120]	0x0	0x2000'0208	uint8_t	
[121]	0x0	0x2000'0209	uint8_t	
[122]	0x0	0x2000'020a	uint8_t	
[123]	0x0	0x2000'020b	uint8_t	
[124]	0x0	0x2000'020c	uint8_t	
[125]	0x0	0x2000'020d	uint8_t	
[126]	0x0	0x2000'020e	uint8_t	
[127]	0x0	0x2000'020f	uint8_t	
[128]	0x0	0x2000'0210	uint8_t	
[129]	0x0	0x2000'0211	uint8_t	
[130]	0x0	0x2000'0212	uint8_t	
[131]	0x0	0x2000'0213	uint8_t	
[132]	0x0	0x2000'0214	uint8_t	
[133]	0x0	0x2000'0215	uint8_t	
[134]	0x0	0x2000'0216	uint8_t	
[135]	0x0	0x2000'0217	uint8_t	
[136]	0x0	0x2000'0218	uint8_t	
[137]	0x0	0x2000'0219	uint8_t	
[138]	0x0	0x2000'021a	uint8_t	
[139]	0x0	0x2000'021b	uint8_t	
[140]	0x0	0x2000'021c	uint8_t	
[141]	0x0	0x2000'021d	uint8_t	
[142]	0x0	0x2000'021e	uint8_t	
[143]	0x0	0x2000'021f	uint8_t	
[144]	0x0	0x2000'0220	uint8_t	
[145]	0x0	0x2000'0221	uint8_t	
[146]	0x0	0x2000'0222	uint8_t	
[147]	0x0	0x2000'0223	uint8_t	
[148]	0x0	0x2000'0224	uint8_t	
[149]	0x0	0x2000'0225	uint8_t	
[150]	0x0	0x2000'0226	uint8_t	
[151]	0x0	0x2000'0227	uint8_t	
[152]	0x0	0x2000'0228	uint8_t	
[153]	0x0	0x2000'0229	uint8_t	
[154]	0x0	0x2000'022a	uint8_t	
[155]	0x0	0x2000'022b	uint8_t	
[156]	0x0	0x2000'022c	uint8_t	
[157]	0x0	0x2000'022d	uint8_t	
[158]	0x0	0x2000'022e	uint8_t	
[159]	0x0	0x2000'022f	uint8_t	
[160]	0x0	0x2000'0230	uint8_t	
[161]	0x0	0x2000'0231	uint8_t	
[162]	0x0	0x2000'0232	uint8_t	
[163]	0x0	0x2000'0233	uint8_t	
[164]	0x0	0x2000'0234	uint8_t	
[165]	0x0	0x2000'0235	uint8_t	
[166]	0x0	0x2000'0236	uint8_t	
[167]	0x0	0x2000'0237	uint8_t	
[168]	0x0	0x2000'0238	uint8_t	
[169]	0x0	0x2000'0239	uint8_t	
[170]	0x0	0x2000'023a	uint8_t	
[171]	0x0	0x2000'023b	uint8_t	
[172]	0x0	0x2000'023c	uint8_t	
[173]	0x0	0x2000'023d	uint8_t	
[174]	0x0	0x2000'023e	uint8_t	
[175]	0x0	0x2000'023f	uint8_t	
[176]	0x0	0x2000'0240	uint8_t	
[177]	0x0	0x2000'0241	uint8_t	
[178]	0x0	0x2000'0242	uint8_t	
[179]	0x0	0x2000'0243	uint8_t	
[180]	0x0	0x2000'0244	uint8_t	
[181]	0x0	0x2000'0245	uint8_t	
[182]	0x0	0x2000'0246	uint8_t	
[183]	0x0	0x2000'0247	uint8_t	
[184]	0x0	0x2000'0248	uint8_t	
[185]	0x0	0x2000'0249	uint8_t	
[186]	0x0	0x2000'024a	uint8_t	
[187]	0x0	0x2000'024b	uint8_t	
[188]	0x0	0x2000'024c	uint8_t	
[189]	0x0	0x2000'024d	uint8_t	
[190]	0x0	0x2000'024e	uint8_t	
[191]	0x0	0x2000'024f	uint8_t	
[192]	0x0	0x2000'0250	uint8_t	
[193]	0x0	0x2000'0251	uint8_t	
[194]	0x0	0x2000'0252	uint8_t	
[195]	0x0	0x2000'0253	uint8_t	
[196]	0x0	0x2000'0254	uint8_t	
[197]	0x0	0x2000'0255	uint8_t	
[198]	0x0	0x2000'0256	uint8_t	
[199]	0x0	0x2000'0257	uint8_t	
[200]	0x0	0x2000'0258	uint8_t	
[201]	0x0	0x2000'0259	uint8_t	
[202]	0x0	0x2000'025a	uint8_t	
[203]	0x0	0x2000'025b	uint8_t	
[204]	0x0	0x2000'025c	uint8_t	
[205]	0x0	0x2000'025d	uint8_t	
[206]	0x0	0x2000'025e	uint8_t	
[207]	0x0	0x2000'025f	uint8_t	
[208]	0x0	0x2000'0260	uint8_t	
[209]	0x0	0x2000'0261	uint8_t	
[210]	0x0	0x2000'0262	uint8_t	
[211]	0x0	0x2000'0263	uint8_t	
[212]	0x0	0x2000'0264	uint8_t	
[213]	0x0	0x2000'0265	uint8_t	
[214]	0x0	0x2000'0266	uint8_t	
[215]	0x0	0x2000'0267	uint8_t	
[216]	0x0	0x2000'0268	uint8_t	
[217]	0x0	0x2000'0269	uint8_t	
[218]	0x0	0x2000'026a	uint8_t	
[219]	0x0	0x2000'026b	uint8_t	
[220]	0x0	0x2000'026c	uint8_t	
[221]	0x0	0x2000'026d	uint8_t	
[222]	0x0	0x2000'026e	uint8_t	
[223]	0x0	0x2000'026f	uint8_t	
[224]	0x0	0x2000'0270	uint8_t	
[225]	0x0	0x2000'0271	uint8_t	
[226]	0x0	0x2000'0272	uint8_t	
[227]	0x0	0x2000'0273	uint8_t	
[228]	0x0	0x2000'0274	uint8_t	
[229]	0x0	0x2000'0275	uint8_t	
[230]	0x0	0x2000'0276	uint8_t	
[231]	0x0	0x2000'0277	uint8_t	
[232]	0x0	0x2000'0278	uint8_t	
[233]	0x0	0x2000'0279	uint8_t	
[234]	0x0	0x2000'027a	uint8_t	
[235]	0x0	0x2000'027b	uint8_t	
[236]	0x0	0x2000'027c	uint8_t	
[237]	0x0	0x2000'027d	uint8_t	
[238]	0x0	0x2000'027e	uint8_t	
[239]	0x0	0x2000'027f	uint8_t	
[240]	0x0	0x2000'0280	uint8_t	
[241]	0x0	0x2000'0281	uint8_t	
[242]	0x0	0x2000'0282	uint8_t	
[243]	0x0	0x2000'0283	uint8_t	
[244]	0x0	0x2000'0284	uint8_t	
[245]	0x0	0x2000'0285	uint8_t	
[246]	0x0	0x2000'0286	uint8_t	
[247]	0x0	0x2000'0287	uint8_t	
[248]	0x0	0x2000'0288	uint8_t	
[249]	0x0	0x2000'0289	uint8_t	
[250]	0x0	0x2000'028a	uint8_t	
[251]	0x0	0x2000'028b	uint8_t	
[252]	0x0	0x2000'028c	uint8_t	
[253]	0x0	0x2000'028d	uint8_t	
[254]	0x0	0x2000'028e	uint8_t	
[255]	0x0	0x2000'028f	uint8_t	
txbuf	<array>""	0x2000'5064	uint8_t[256]	
popa	1	0x2000'008c	uint32_t	
